// Jest Snapshot v1, https://goo.gl/fbAQLP

exports[`Render the Header component correctly 1`] = `
<div
  className="wrapperDiv"
>
  <div
    className="containerDiv"
  >
    <nav
      className="nav"
    >
      <NavLink
        activeClassName="active"
        aria-current="page"
        className="menuItem"
        to="/dashboard"
      >
        Dashboard
      </NavLink>
      <NavLink
        activeClassName="active"
        aria-current="page"
        className="menuItem"
        to="/todos"
      >
        Todos
      </NavLink>
      <NavLink
        activeClassName="active"
        aria-current="page"
        className="menuItem"
        to="/notes"
      >
        Notes
      </NavLink>
      <a
        className="menuItem donate"
        data-patreon-widget-type="become-patron-button"
        href="https://www.patreon.com/bePatron?u=15774331"
        rel="noopener noreferrer"
        target="_blank"
      >
        Donate
      </a>
      <script
        async={true}
        src="https://c6.patreon.com/becomePatronButton.bundle.js"
      />
    </nav>
    <button
      className="button"
      onClick={[MockFunction]}
    >
      Logout
    </button>
  </div>
</div>
`;
