// Jest Snapshot v1, https://goo.gl/fbAQLP

exports[`Should render correctly the TodoFilterArea component 1`] = `
<div>
  <input
    onChange={[Function]}
    placeholder="search a todo"
    type="text"
  />
  <label
    htmlFor="completed-todos"
  >
    Hide completed
  </label>
  <input
    id="completed-todos"
    onChange={[Function]}
    type="checkbox"
  />
</div>
`;
