// Jest Snapshot v1, https://goo.gl/fbAQLP

exports[`Should render correctly the TodoListItem component 1`] = `
<div
  className="wrapperDiv"
>
  <div
    className="textDiv"
  >
    <label
      className="label"
    >
      <div
        className="round"
      >
        <input
          className="checkbox"
          onChange={[Function]}
          type="checkbox"
        />
        <label
          onClick={[Function]}
        />
      </div>
      <span
        className="span"
      />
    </label>
  </div>
  <div
    className="iconsDiv"
  >
    <FontAwesomeIcon
      border={false}
      className="icon"
      color="#6347FF"
      fixedWidth={false}
      flip={null}
      icon="pencil-alt"
      inverse={false}
      listItem={false}
      mask={null}
      onClick={[Function]}
      pull={null}
      pulse={false}
      rotation={null}
      size={null}
      spin={false}
      symbol={false}
      title=""
      transform={null}
    />
    <FontAwesomeIcon
      border={false}
      className="icon"
      color="#FF6347"
      fixedWidth={false}
      flip={null}
      icon="trash-alt"
      inverse={false}
      listItem={false}
      mask={null}
      onClick={[Function]}
      pull={null}
      pulse={false}
      rotation={null}
      size={null}
      spin={false}
      symbol={false}
      title=""
      transform={null}
    />
  </div>
</div>
`;
