// Jest Snapshot v1, https://goo.gl/fbAQLP

exports[`Should render correctly the DashboardManager component 1`] = `
<div
  className="dashboard-box"
>
  <h1>
    Bradley Cooper
  </h1>
  <img
    alt="User profile phote"
    src="https://lh4.googleusercontent.com/-3HA5dfxwrYU/AAAAAAAAAAI/AAAAAAAAEJ4/q6fYoZQpeEY/photo.jpg"
  />
  <p>
    You have 
    <Link
      replace={false}
      to="/todos"
    >
      3
       todo(s)
    </Link>
     left.
  </p>
</div>
`;
