// Jest Snapshot v1, https://goo.gl/fbAQLP

exports[`Should render correctly the footer component 1`] = `
<div
  className="footer"
>
  Made with
   
  <img
    alt="heart icon"
    className="footer-icon"
    src="images/like.png"
  />
   and
   
  <img
    alt="coffee icon"
    className="footer-icon"
    src="images/coffee.png"
  />
   by Neacsu Alexandru
</div>
`;
