// Jest Snapshot v1, https://goo.gl/fbAQLP

exports[`Render the Header component correctly 1`] = `
<div>
  <NavLink
    activeClassName="active"
    aria-current="page"
    to="/dashboard"
  >
    Dashboard
  </NavLink>
  <NavLink
    activeClassName="active"
    aria-current="page"
    to="/todos"
  >
    Todo
  </NavLink>
  <button
    onClick={[MockFunction]}
  >
    Logout
  </button>
</div>
`;
