// Jest Snapshot v1, https://goo.gl/fbAQLP

exports[`Should render correctly the LoginPage component 1`] = `
<div
  className="box-layout"
>
  <div
    className="box-layout__box"
  >
    <h1
      className="box-layout__title"
    >
      Holistic Integration
    </h1>
    <h2
      className="box-layout__subtitle"
    >
      Increase your performance, focus and productivity
    </h2>
    <button
      className="button"
    >
      Get started with Google
    </button>
  </div>
</div>
`;
